C51 COMPILER V9.60.7.0   PWM                                                               12/24/2025 13:49:45 PAGE 1   


C51 COMPILER V9.60.7.0, COMPILATION OF MODULE PWM
OBJECT MODULE PLACED IN PWM.OBJ
COMPILER INVOKED BY: C:\Keil_v5\C51\BIN\C51.EXE PWM.C LARGE OMF2 OPTIMIZE(0,SPEED) BROWSE DEBUG TABS(2)

line level    source

   1          #include "REG_MPC82G516.H"
   2          #include "userdefine.h"
   3          
   4          #if 0
              //~DA,240809, previous Ver. droppped
              void PWM_Main(U8 PWM_Pulse,U8 RGB_PWM_Pulse);
              
              void PWM_Main(U8 PWM_Pulse,U8 RGB_PWM_Pulse)
              {
                #if 0 
                  //~Dennis
                  //~DD,240809, Conflict and impacts to Mic 7SEG display, Same: P1^1,P1^2
                  CCAPM0 = CCAPM1 = ECOM + PWM; //致能 CEX0,CEX1 比較器及PWM輸出
                    CMOD = 0x00; //CPS1-0 = 00, Fpwm = Fosc/12/256 => 11.0592MHz/12/256 = 3.6KHz (18.432MHz/12/256 = 6KHz
             -)
                  CR = 1;      //開始PCA計數
                  CCAP0H = PWM_Pulse; //設定CEX0的PWM脈波時間 0~255
                  CCAP1H = RGB_PWM_Pulse; //設定CEX1的PWM脈波時間 0~255
                #endif  
              }
              #endif
  21          
  22          
  23          
  24          
  25          
  26          
  27          
  28          
  29          
  30          
  31          
  32          
  33          
  34          
  35          
  36          
  37          
  38          
  39          
  40          


MODULE INFORMATION:   STATIC OVERLAYABLE
   CODE SIZE        =   ----    ----
   CONSTANT SIZE    =   ----    ----
   XDATA SIZE       =   ----    ----
   PDATA SIZE       =   ----    ----
   DATA SIZE        =   ----    ----
   IDATA SIZE       =   ----    ----
   BIT SIZE         =   ----    ----
   EDATA SIZE       =   ----    ----
   HDATA SIZE       =   ----    ----
   XDATA CONST SIZE =   ----    ----
   FAR CONST SIZE   =   ----    ----
C51 COMPILER V9.60.7.0   PWM                                                               12/24/2025 13:49:45 PAGE 2   

END OF MODULE INFORMATION.


C51 COMPILATION COMPLETE.  0 WARNING(S),  0 ERROR(S)
